ECB,32,32,8,✅ PASS
ECB,32,32,12,✅ PASS
ECB,32,32,16,✅ PASS
ECB,32,64,8,✅ PASS
ECB,32,64,12,✅ PASS
ECB,32,64,16,✅ PASS
ECB,32,128,8,✅ PASS
ECB,32,128,12,✅ PASS
ECB,32,128,16,✅ PASS
ECB,64,32,8,✅ PASS
ECB,64,32,12,✅ PASS
ECB,64,32,16,✅ PASS
ECB,64,64,8,✅ PASS
ECB,64,64,12,✅ PASS
ECB,64,64,16,✅ PASS
ECB,64,128,8,✅ PASS
ECB,64,128,12,✅ PASS
ECB,64,128,16,✅ PASS
ECB,128,32,8,✅ PASS
ECB,128,32,12,✅ PASS
ECB,128,32,16,✅ PASS
ECB,128,64,8,✅ PASS
ECB,128,64,12,✅ PASS
ECB,128,64,16,✅ PASS
ECB,128,128,8,✅ PASS
ECB,128,128,12,✅ PASS
ECB,128,128,16,✅ PASS
CBC,32,32,8,✅ PASS
CBC,32,32,12,✅ PASS
CBC,32,32,16,✅ PASS
CBC,32,64,8,✅ PASS
CBC,32,64,12,✅ PASS
CBC,32,64,16,✅ PASS
CBC,32,128,8,✅ PASS
CBC,32,128,12,✅ PASS
CBC,32,128,16,✅ PASS
CBC,64,32,8,✅ PASS
CBC,64,32,12,✅ PASS
CBC,64,32,16,✅ PASS
CBC,64,64,8,✅ PASS
CBC,64,64,12,✅ PASS
CBC,64,64,16,✅ PASS
CBC,64,128,8,✅ PASS
CBC,64,128,12,✅ PASS
CBC,64,128,16,✅ PASS
CBC,128,32,8,✅ PASS
CBC,128,32,12,✅ PASS
CBC,128,32,16,✅ PASS
CBC,128,64,8,✅ PASS
CBC,128,64,12,✅ PASS
CBC,128,64,16,✅ PASS
CBC,128,128,8,✅ PASS
CBC,128,128,12,✅ PASS
CBC,128,128,16,✅ PASS
CFB,32,32,8,✅ PASS
CFB,32,32,12,✅ PASS
CFB,32,32,16,✅ PASS
CFB,32,64,8,✅ PASS
CFB,32,64,12,✅ PASS
CFB,32,64,16,✅ PASS
CFB,32,128,8,✅ PASS
CFB,32,128,12,✅ PASS
CFB,32,128,16,✅ PASS
CFB,64,32,8,✅ PASS
CFB,64,32,12,✅ PASS
CFB,64,32,16,✅ PASS
CFB,64,64,8,✅ PASS
CFB,64,64,12,✅ PASS
CFB,64,64,16,✅ PASS
CFB,64,128,8,✅ PASS
CFB,64,128,12,✅ PASS
CFB,64,128,16,✅ PASS
CFB,128,32,8,✅ PASS
CFB,128,32,12,✅ PASS
CFB,128,32,16,✅ PASS
CFB,128,64,8,✅ PASS
CFB,128,64,12,✅ PASS
CFB,128,64,16,✅ PASS
CFB,128,128,8,✅ PASS
CFB,128,128,12,✅ PASS
CFB,128,128,16,✅ PASS
OFB,32,32,8,✅ PASS
OFB,32,32,12,✅ PASS
OFB,32,32,16,✅ PASS
OFB,32,64,8,✅ PASS
OFB,32,64,12,✅ PASS
OFB,32,64,16,✅ PASS
OFB,32,128,8,✅ PASS
OFB,32,128,12,✅ PASS
OFB,32,128,16,✅ PASS
OFB,64,32,8,✅ PASS
OFB,64,32,12,✅ PASS
OFB,64,32,16,✅ PASS
OFB,64,64,8,✅ PASS
OFB,64,64,12,✅ PASS
OFB,64,64,16,✅ PASS
OFB,64,128,8,✅ PASS
OFB,64,128,12,✅ PASS
OFB,64,128,16,✅ PASS
OFB,128,32,8,✅ PASS
OFB,128,32,12,✅ PASS
OFB,128,32,16,✅ PASS
OFB,128,64,8,✅ PASS
OFB,128,64,12,✅ PASS
OFB,128,64,16,✅ PASS
OFB,128,128,8,✅ PASS
OFB,128,128,12,✅ PASS
OFB,128,128,16,✅ PASS
CTR,32,32,8,✅ PASS
CTR,32,32,12,✅ PASS
CTR,32,32,16,✅ PASS
CTR,32,64,8,✅ PASS
CTR,32,64,12,✅ PASS
CTR,32,64,16,✅ PASS
CTR,32,128,8,✅ PASS
CTR,32,128,12,✅ PASS
CTR,32,128,16,✅ PASS
CTR,64,32,8,✅ PASS
CTR,64,32,12,✅ PASS
CTR,64,32,16,✅ PASS
CTR,64,64,8,✅ PASS
CTR,64,64,12,✅ PASS
CTR,64,64,16,✅ PASS
CTR,64,128,8,✅ PASS
CTR,64,128,12,✅ PASS
CTR,64,128,16,✅ PASS
CTR,128,32,8,✅ PASS
CTR,128,32,12,✅ PASS
CTR,128,32,16,✅ PASS
CTR,128,64,8,✅ PASS
CTR,128,64,12,✅ PASS
CTR,128,64,16,✅ PASS
CTR,128,128,8,✅ PASS
CTR,128,128,12,✅ PASS
CTR,128,128,16,✅ PASS